\BOOKMARK [0][-]{chapter*.1}{Abstract}{}% 1
\BOOKMARK [0][-]{chapter*.2}{Acknowledgments}{}% 2
\BOOKMARK [0][-]{chapter*.5}{List of Tables}{}% 3
\BOOKMARK [0][-]{chapter*.6}{List of Figures}{}% 4
\BOOKMARK [0][-]{chapter.1}{Time Aggregation in Panel Data on Income and Consumption}{}% 5
\BOOKMARK [1][-]{section.1.1}{Abstract}{chapter.1}% 6
\BOOKMARK [1][-]{section.1.2}{Introduction}{chapter.1}% 7
\BOOKMARK [2][-]{subsection.1.2.1}{What is Time Aggregation?}{section.1.2}% 8
